分类: 📺央视频道, 名称: CCTV-4K, 有效: 2, IPv4: 9, IPv6: 0, 最小延迟: 1549 ms, 最高速率: 1.13 M/s, 平均速率: 1.11 M/s, bitrate: 2974 kbps, content verified: 0, 最高分辨率: 1920x1080, 平均帧率: 25.00, 视频编解码器: h264, 音频编解码器: aac
分类: 📺央视频道, 名称: CCTV-8K, 有效: 0, IPv4: 4, IPv6: 0, 最小延迟: 1598 ms, 最高速率: 0.28 M/s, 平均速率: 0.00 M/s, bitrate: 0 kbps, content verified: 0, 最高分辨率: 1920x1080, 平均帧率: 25.00, 视频编解码器: h264, 音频编解码器: aac
分类: 📺央视频道, 名称: CCTV-1 综合, 有效: 1, IPv4: 43, IPv6: 0, 最小延迟: 321 ms, 最高速率: 0.99 M/s, 平均速率: 0.99 M/s, bitrate: 4184 kbps, content verified: 0, 最高分辨率: 1920x1080, 平均帧率: 29.17, 视频编解码器: h264, 音频编解码器: aac
分类: 📺央视频道, 名称: CCTV-2 财经, 有效: 2, IPv4: 38, IPv6: 0, 最小延迟: 78 ms, 最高速率: 0.85 M/s, 平均速率: 0.68 M/s, bitrate: 4335 kbps, content verified: 0, 最高分辨率: 1920x1080, 平均帧率: 31.07, 视频编解码器: h264, 音频编解码器: aac
分类: 📺央视频道, 名称: CCTV-3 综艺, 有效: 0, IPv4: 36, IPv6: 0, 最小延迟: 325 ms, 最高速率: 0.66 M/s, 平均速率: 0.00 M/s, bitrate: 0 kbps, content verified: 0, 最高分辨率: 1920x1080, 平均帧率: 35.00, 视频编解码器: h264, 音频编解码器: aac
分类: 📺央视频道, 名称: CCTV-4 中文国际, 有效: 0, IPv4: 40, IPv6: 0, 最小延迟: 19 ms, 最高速率: 5.03 M/s, 平均速率: 0.00 M/s, bitrate: 0 kbps, content verified: 0, 最高分辨率: 1920x1080, 平均帧率: 27.27, 视频编解码器: h264, 音频编解码器: aac
分类: 📺央视频道, 名称: CCTV-5 体育, 有效: 2, IPv4: 38, IPv6: 0, 最小延迟: 322 ms, 最高速率: 0.62 M/s, 平均速率: 0.58 M/s, bitrate: 1196 kbps, content verified: 0, 最高分辨率: 1920x1080, 平均帧率: 27.73, 视频编解码器: h264, 音频编解码器: aac
分类: 📺央视频道, 名称: CCTV-5+ 体育赛事, 有效: 0, IPv4: 33, IPv6: 0, 最小延迟: 323 ms, 最高速率: 0.40 M/s, 平均速率: 0.00 M/s, bitrate: 0 kbps, content verified: 0, 最高分辨率: 1920x1080, 平均帧率: 41.67, 视频编解码器: h264, 音频编解码器: mp2
分类: 📺央视频道, 名称: CCTV-6 电影, 有效: 0, IPv4: 38, IPv6: 0, 最小延迟: 320 ms, 最高速率: 0.61 M/s, 平均速率: 0.00 M/s, bitrate: 0 kbps, content verified: 0, 最高分辨率: 1920x1080, 平均帧率: 35.71, 视频编解码器: h264, 音频编解码器: aac
分类: 📺央视频道, 名称: CCTV-7 国防军事, 有效: 0, IPv4: 42, IPv6: 0, 最小延迟: 321 ms, 最高速率: 0.71 M/s, 平均速率: 0.00 M/s, bitrate: 0 kbps, content verified: 0, 最高分辨率: 1920x1080, 平均帧率: 35.50, 视频编解码器: h264, 音频编解码器: mp2
分类: 📺央视频道, 名称: CCTV-8 电视剧, 有效: 1, IPv4: 39, IPv6: 0, 最小延迟: 20 ms, 最高速率: 3.96 M/s, 平均速率: 0.93 M/s, bitrate: 4804 kbps, content verified: 0, 最高分辨率: 1920x1080, 平均帧率: 31.82, 视频编解码器: h264, 音频编解码器: aac
分类: 📺央视频道, 名称: CCTV-9 纪录, 有效: 0, IPv4: 38, IPv6: 0, 最小延迟: 23 ms, 最高速率: 2.75 M/s, 平均速率: 0.00 M/s, bitrate: 0 kbps, content verified: 0, 最高分辨率: 1920x1080, 平均帧率: 33.08, 视频编解码器: h264, 音频编解码器: aac
分类: 📺央视频道, 名称: CCTV-10 科教, 有效: 1, IPv4: 40, IPv6: 0, 最小延迟: 33 ms, 最高速率: 4.18 M/s, 平均速率: 0.62 M/s, bitrate: 851 kbps, content verified: 0, 最高分辨率: 1920x1080, 平均帧率: 35.00, 视频编解码器: h264, 音频编解码器: aac
分类: 📺央视频道, 名称: CCTV-11 戏曲, 有效: 1, IPv4: 35, IPv6: 0, 最小延迟: 29 ms, 最高速率: 4.74 M/s, 平均速率: 0.50 M/s, bitrate: 949 kbps, content verified: 0, 最高分辨率: 1920x1080, 平均帧率: 28.57, 视频编解码器: h264, 音频编解码器: aac
分类: 📺央视频道, 名称: CCTV-12 社会与法, 有效: 1, IPv4: 39, IPv6: 0, 最小延迟: 321 ms, 最高速率: 0.84 M/s, 平均速率: 0.84 M/s, bitrate: 4414 kbps, content verified: 0, 最高分辨率: 1920x1080, 平均帧率: 41.00, 视频编解码器: h264, 音频编解码器: aac
分类: 📺央视频道, 名称: CCTV-13 新闻, 有效: 3, IPv4: 40, IPv6: 0, 最小延迟: 323 ms, 最高速率: 3.20 M/s, 平均速率: 2.21 M/s, bitrate: 5497 kbps, content verified: 0, 最高分辨率: 1920x1080, 平均帧率: 38.50, 视频编解码器: h264, 音频编解码器: aac
分类: 📺央视频道, 名称: CCTV-14 少儿, 有效: 2, IPv4: 35, IPv6: 0, 最小延迟: 326 ms, 最高速率: 2.98 M/s, 平均速率: 1.90 M/s, bitrate: 5147 kbps, content verified: 0, 最高分辨率: 1920x1080, 平均帧率: 34.38, 视频编解码器: h264, 音频编解码器: aac
分类: 📺央视频道, 名称: CCTV-15 音乐, 有效: 2, IPv4: 35, IPv6: 0, 最小延迟: 329 ms, 最高速率: 0.60 M/s, 平均速率: 0.59 M/s, bitrate: 1046 kbps, content verified: 0, 最高分辨率: 1920x1080, 平均帧率: 37.50, 视频编解码器: h264, 音频编解码器: mp2
分类: 📺央视频道, 名称: CCTV-16 奥林匹克, 有效: 0, IPv4: 26, IPv6: 0, 最小延迟: 99 ms, 最高速率: 0.83 M/s, 平均速率: 0.00 M/s, bitrate: 0 kbps, content verified: 0, 最高分辨率: 1920x1080, 平均帧率: 33.33, 视频编解码器: h264, 音频编解码器: aac
分类: 🌊港·澳·台, 名称: HOY TV, 有效: 0, IPv4: 1, IPv6: 0, 最小延迟: -1 ms, 最高速率: 0.00 M/s, 平均速率: 0.00 M/s, bitrate: 0 kbps, content verified: 0, 最高分辨率: None, 平均帧率: 未知, 视频编解码器: 未知, 音频编解码器: 未知
分类: 🌊港·澳·台, 名称: TVB 星河, 有效: 0, IPv4: 2, IPv6: 0, 最小延迟: -1 ms, 最高速率: 0.00 M/s, 平均速率: 0.00 M/s, bitrate: 0 kbps, content verified: 0, 最高分辨率: None, 平均帧率: 未知, 视频编解码器: 未知, 音频编解码器: 未知
分类: 🌊港·澳·台, 名称: 港台电视31, 有效: 0, IPv4: 1, IPv6: 0, 最小延迟: -1 ms, 最高速率: 0.00 M/s, 平均速率: 0.00 M/s, bitrate: 0 kbps, content verified: 0, 最高分辨率: None, 平均帧率: 未知, 视频编解码器: 未知, 音频编解码器: 未知
分类: 🌊港·澳·台, 名称: 港台电视32, 有效: 0, IPv4: 2, IPv6: 0, 最小延迟: -1 ms, 最高速率: 0.00 M/s, 平均速率: 0.00 M/s, bitrate: 0 kbps, content verified: 0, 最高分辨率: None, 平均帧率: 未知, 视频编解码器: 未知, 音频编解码器: 未知
分类: 🌊港·澳·台, 名称: 澳视澳门, 有效: 0, IPv4: 1, IPv6: 0, 最小延迟: -1 ms, 最高速率: 0.00 M/s, 平均速率: 0.00 M/s, bitrate: 0 kbps, content verified: 0, 最高分辨率: None, 平均帧率: 未知, 视频编解码器: 未知, 音频编解码器: 未知
分类: 🌊港·澳·台, 名称: 澳门综艺, 有效: 0, IPv4: 1, IPv6: 0, 最小延迟: -1 ms, 最高速率: 0.00 M/s, 平均速率: 0.00 M/s, bitrate: 0 kbps, content verified: 0, 最高分辨率: None, 平均帧率: 未知, 视频编解码器: 未知, 音频编解码器: 未知
分类: 🌊港·澳·台, 名称: 澳视卫星, 有效: 0, IPv4: 1, IPv6: 0, 最小延迟: -1 ms, 最高速率: 0.00 M/s, 平均速率: 0.00 M/s, bitrate: 0 kbps, content verified: 0, 最高分辨率: None, 平均帧率: 未知, 视频编解码器: 未知, 音频编解码器: 未知
分类: 🌊港·澳·台, 名称: 美亚电影台, 有效: 0, IPv4: 3, IPv6: 0, 最小延迟: -1 ms, 最高速率: 0.00 M/s, 平均速率: 0.00 M/s, bitrate: 0 kbps, content verified: 0, 最高分辨率: None, 平均帧率: 未知, 视频编解码器: 未知, 音频编解码器: 未知
分类: 📺央视频道, 名称: CCTV-17 农业农村, 有效: 1, IPv4: 35, IPv6: 0, 最小延迟: 23 ms, 最高速率: 3.55 M/s, 平均速率: 0.60 M/s, bitrate: 1057 kbps, content verified: 0, 最高分辨率: 1920x1080, 平均帧率: 31.25, 视频编解码器: h264, 音频编解码器: aac
分类: 🌊港·澳·台, 名称: TVB Plus, 有效: 0, IPv4: 6, IPv6: 0, 最小延迟: 329 ms, 最高速率: 0.42 M/s, 平均速率: 0.00 M/s, bitrate: 0 kbps, content verified: 0, 最高分辨率: 1920x1080, 平均帧率: 25.00, 视频编解码器: h264, 音频编解码器: aac
分类: 🌊港·澳·台, 名称: 翡翠台, 有效: 0, IPv4: 9, IPv6: 0, 最小延迟: 1448 ms, 最高速率: 0.21 M/s, 平均速率: 0.00 M/s, bitrate: 0 kbps, content verified: 0, 最高分辨率: 840x480, 平均帧率: 30.00, 视频编解码器: h264, 音频编解码器: aac
分类: 🌊港·澳·台, 名称: 明珠台, 有效: 0, IPv4: 4, IPv6: 0, 最小延迟: 3066 ms, 最高速率: 0.00 M/s, 平均速率: 0.00 M/s, bitrate: 0 kbps, content verified: 0, 最高分辨率: None, 平均帧率: 未知, 视频编解码器: 未知, 音频编解码器: 未知
分类: 🌊港·澳·台, 名称: 无线新闻台, 有效: 0, IPv4: 6, IPv6: 0, 最小延迟: 1557 ms, 最高速率: 0.19 M/s, 平均速率: 0.00 M/s, bitrate: 0 kbps, content verified: 0, 最高分辨率: 840x480, 平均帧率: 30.00, 视频编解码器: h264, 音频编解码器: aac
分类: 🌊港·澳·台, 名称: Now 新闻台, 有效: 0, IPv4: 1, IPv6: 0, 最小延迟: 327 ms, 最高速率: 0.00 M/s, 平均速率: 0.00 M/s, bitrate: 0 kbps, content verified: 0, 最高分辨率: None, 平均帧率: 未知, 视频编解码器: 未知, 音频编解码器: 未知
分类: 🌊港·澳·台, 名称: 凤凰中文, 有效: 0, IPv4: 15, IPv6: 0, 最小延迟: 224 ms, 最高速率: 0.51 M/s, 平均速率: 0.00 M/s, bitrate: 0 kbps, content verified: 0, 最高分辨率: 1920x1080, 平均帧率: 36.00, 视频编解码器: h264, 音频编解码器: aac
分类: 🌊港·澳·台, 名称: TVBS新闻台, 有效: 0, IPv4: 2, IPv6: 0, 最小延迟: -1 ms, 最高速率: 0.00 M/s, 平均速率: 0.00 M/s, bitrate: 0 kbps, content verified: 0, 最高分辨率: None, 平均帧率: 未知, 视频编解码器: 未知, 音频编解码器: 未知
分类: 🌊港·澳·台, 名称: viuTV, 有效: 0, IPv4: 3, IPv6: 0, 最小延迟: -1 ms, 最高速率: 0.00 M/s, 平均速率: 0.00 M/s, bitrate: 0 kbps, content verified: 0, 最高分辨率: None, 平均帧率: 未知, 视频编解码器: 未知, 音频编解码器: 未知
分类: 🌊港·澳·台, 名称: viuTV6, 有效: 0, IPv4: 2, IPv6: 0, 最小延迟: -1 ms, 最高速率: 0.00 M/s, 平均速率: 0.00 M/s, bitrate: 0 kbps, content verified: 0, 最高分辨率: None, 平均帧率: 未知, 视频编解码器: 未知, 音频编解码器: 未知
分类: 🌊港·澳·台, 名称: 凤凰资讯, 有效: 0, IPv4: 14, IPv6: 0, 最小延迟: 570 ms, 最高速率: 0.75 M/s, 平均速率: 0.00 M/s, bitrate: 0 kbps, content verified: 0, 最高分辨率: 1920x1080, 平均帧率: 31.25, 视频编解码器: h264, 音频编解码器: aac
分类: ☘️广东频道, 名称: 广东珠江, 有效: 0, IPv4: 10, IPv6: 0, 最小延迟: 336 ms, 最高速率: 0.57 M/s, 平均速率: 0.00 M/s, bitrate: 0 kbps, content verified: 0, 最高分辨率: 1920x1080, 平均帧率: 25.00, 视频编解码器: h264, 音频编解码器: aac
分类: 🌊港·澳·台, 名称: 凤凰香港, 有效: 0, IPv4: 12, IPv6: 0, 最小延迟: 223 ms, 最高速率: 0.38 M/s, 平均速率: 0.00 M/s, bitrate: 0 kbps, content verified: 0, 最高分辨率: 1280x720, 平均帧率: 26.25, 视频编解码器: h264, 音频编解码器: aac
分类: ☘️广东频道, 名称: 广东新闻, 有效: 2, IPv4: 7, IPv6: 0, 最小延迟: 374 ms, 最高速率: 0.70 M/s, 平均速率: 0.67 M/s, bitrate: 1303 kbps, content verified: 0, 最高分辨率: 1920x1080, 平均帧率: 25.00, 视频编解码器: h264, 音频编解码器: aac
分类: ☘️广东频道, 名称: 广东体育, 有效: 1, IPv4: 9, IPv6: 0, 最小延迟: 365 ms, 最高速率: 0.69 M/s, 平均速率: 0.69 M/s, bitrate: 1336 kbps, content verified: 0, 最高分辨率: 1920x1080, 平均帧率: 25.00, 视频编解码器: h264, 音频编解码器: aac
分类: ☘️广东频道, 名称: 广东民生, 有效: 1, IPv4: 5, IPv6: 0, 最小延迟: 646 ms, 最高速率: 0.54 M/s, 平均速率: 0.54 M/s, bitrate: 988 kbps, content verified: 0, 最高分辨率: 1920x1080, 平均帧率: 25.00, 视频编解码器: h264, 音频编解码器: aac
分类: ☘️广东频道, 名称: 广东公共, 有效: 0, IPv4: 1, IPv6: 0, 最小延迟: -1 ms, 最高速率: 0.00 M/s, 平均速率: 0.00 M/s, bitrate: 0 kbps, content verified: 0, 最高分辨率: None, 平均帧率: 未知, 视频编解码器: 未知, 音频编解码器: 未知
分类: ☘️广东频道, 名称: 广东影视, 有效: 0, IPv4: 1, IPv6: 0, 最小延迟: -1 ms, 最高速率: 0.00 M/s, 平均速率: 0.00 M/s, bitrate: 0 kbps, content verified: 0, 最高分辨率: None, 平均帧率: 未知, 视频编解码器: 未知, 音频编解码器: 未知
分类: ☘️广东频道, 名称: 广东少儿, 有效: 0, IPv4: 2, IPv6: 0, 最小延迟: 5642 ms, 最高速率: 0.48 M/s, 平均速率: 0.00 M/s, bitrate: 0 kbps, content verified: 0, 最高分辨率: 1920x1080, 平均帧率: 25.00, 视频编解码器: h264, 音频编解码器: mp2
分类: 📡卫视频道, 名称: 广东卫视, 有效: 1, IPv4: 32, IPv6: 0, 最小延迟: 322 ms, 最高速率: 0.96 M/s, 平均速率: 0.96 M/s, bitrate: 1784 kbps, content verified: 0, 最高分辨率: 1920x1080, 平均帧率: 33.75, 视频编解码器: h264, 音频编解码器: aac
分类: 📡卫视频道, 名称: 大湾区卫视, 有效: 0, IPv4: 17, IPv6: 0, 最小延迟: 333 ms, 最高速率: 0.83 M/s, 平均速率: 0.00 M/s, bitrate: 0 kbps, content verified: 0, 最高分辨率: 1920x1080, 平均帧率: 32.50, 视频编解码器: h264, 音频编解码器: aac
分类: 📡卫视频道, 名称: 湖南卫视, 有效: 0, IPv4: 33, IPv6: 0, 最小延迟: 37 ms, 最高速率: 2.76 M/s, 平均速率: 0.00 M/s, bitrate: 0 kbps, content verified: 0, 最高分辨率: 3840x2160, 平均帧率: 37.14, 视频编解码器: h264, 音频编解码器: aac
分类: 📡卫视频道, 名称: 江苏卫视, 有效: 0, IPv4: 47, IPv6: 0, 最小延迟: 319 ms, 最高速率: 2.22 M/s, 平均速率: 0.00 M/s, bitrate: 0 kbps, content verified: 0, 最高分辨率: 3840x2160, 平均帧率: 31.00, 视频编解码器: h264, 音频编解码器: aac
分类: 📡卫视频道, 名称: 浙江卫视, 有效: 4, IPv4: 47, IPv6: 0, 最小延迟: 322 ms, 最高速率: 3.24 M/s, 平均速率: 2.78 M/s, bitrate: 2843 kbps, content verified: 0, 最高分辨率: 1920x1080, 平均帧率: 25.00, 视频编解码器: h264, 音频编解码器: aac
分类: 📡卫视频道, 名称: 北京卫视, 有效: 0, IPv4: 34, IPv6: 0, 最小延迟: 31 ms, 最高速率: 3.20 M/s, 平均速率: 0.00 M/s, bitrate: 0 kbps, content verified: 0, 最高分辨率: 1920x1080, 平均帧率: 40.00, 视频编解码器: h264, 音频编解码器: mp2
分类: 📡卫视频道, 名称: 东方卫视, 有效: 2, IPv4: 35, IPv6: 0, 最小延迟: 324 ms, 最高速率: 1.26 M/s, 平均速率: 1.23 M/s, bitrate: 4438 kbps, content verified: 0, 最高分辨率: 1920x1080, 平均帧率: 33.57, 视频编解码器: h264, 音频编解码器: aac
分类: 📡卫视频道, 名称: 四川卫视, 有效: 0, IPv4: 36, IPv6: 0, 最小延迟: 323 ms, 最高速率: 0.86 M/s, 平均速率: 0.00 M/s, bitrate: 0 kbps, content verified: 0, 最高分辨率: 1920x1080, 平均帧率: 34.38, 视频编解码器: h264, 音频编解码器: aac
分类: 📡卫视频道, 名称: 天津卫视, 有效: 0, IPv4: 37, IPv6: 0, 最小延迟: 324 ms, 最高速率: 1.29 M/s, 平均速率: 0.00 M/s, bitrate: 0 kbps, content verified: 0, 最高分辨率: 1920x1080, 平均帧率: 38.12, 视频编解码器: h264, 音频编解码器: aac
分类: 📡卫视频道, 名称: 河北卫视, 有效: 0, IPv4: 31, IPv6: 0, 最小延迟: 13 ms, 最高速率: 5.56 M/s, 平均速率: 0.00 M/s, bitrate: 0 kbps, content verified: 0, 最高分辨率: 1920x1080, 平均帧率: 28.57, 视频编解码器: h264, 音频编解码器: aac
分类: 📡卫视频道, 名称: 山西卫视, 有效: 1, IPv4: 24, IPv6: 0, 最小延迟: 319 ms, 最高速率: 1.02 M/s, 平均速率: 0.90 M/s, bitrate: 6235 kbps, content verified: 0, 最高分辨率: 1920x1080, 平均帧率: 25.00, 视频编解码器: h264, 音频编解码器: aac
分类: 📡卫视频道, 名称: 安徽卫视, 有效: 1, IPv4: 31, IPv6: 0, 最小延迟: 326 ms, 最高速率: 0.98 M/s, 平均速率: 0.98 M/s, bitrate: 4377 kbps, content verified: 0, 最高分辨率: 1920x1080, 平均帧率: 31.88, 视频编解码器: h264, 音频编解码器: aac
分类: 📡卫视频道, 名称: 福建卫视, 有效: 1, IPv4: 34, IPv6: 0, 最小延迟: 19 ms, 最高速率: 3.25 M/s, 平均速率: 1.32 M/s, bitrate: 4247 kbps, content verified: 0, 最高分辨率: 1920x1080, 平均帧率: 28.12, 视频编解码器: h264, 音频编解码器: aac
分类: 📡卫视频道, 名称: 江西卫视, 有效: 0, IPv4: 44, IPv6: 0, 最小延迟: 326 ms, 最高速率: 0.63 M/s, 平均速率: 0.00 M/s, bitrate: 0 kbps, content verified: 0, 最高分辨率: 1920x1080, 平均帧率: 37.50, 视频编解码器: h264, 音频编解码器: aac
分类: 📡卫视频道, 名称: 山东卫视, 有效: 2, IPv4: 43, IPv6: 0, 最小延迟: 325 ms, 最高速率: 1.03 M/s, 平均速率: 0.96 M/s, bitrate: 5150 kbps, content verified: 0, 最高分辨率: 1920x1080, 平均帧率: 31.17, 视频编解码器: h264, 音频编解码器: aac
分类: 📡卫视频道, 名称: 湖北卫视, 有效: 0, IPv4: 34, IPv6: 0, 最小延迟: 324 ms, 最高速率: 0.70 M/s, 平均速率: 0.00 M/s, bitrate: 0 kbps, content verified: 0, 最高分辨率: 1920x1080, 平均帧率: 31.88, 视频编解码器: h264, 音频编解码器: aac
分类: 📡卫视频道, 名称: 广西卫视, 有效: 1, IPv4: 30, IPv6: 0, 最小延迟: 326 ms, 最高速率: 1.61 M/s, 平均速率: 1.61 M/s, bitrate: 2721 kbps, content verified: 0, 最高分辨率: 1920x1080, 平均帧率: 30.56, 视频编解码器: h264, 音频编解码器: aac
分类: 📡卫视频道, 名称: 海南卫视, 有效: 0, IPv4: 30, IPv6: 0, 最小延迟: 324 ms, 最高速率: 0.31 M/s, 平均速率: 0.00 M/s, bitrate: 0 kbps, content verified: 0, 最高分辨率: 1920x1080, 平均帧率: 50.00, 视频编解码器: h264, 音频编解码器: mp2
分类: 📡卫视频道, 名称: 重庆卫视, 有效: 2, IPv4: 35, IPv6: 0, 最小延迟: 18 ms, 最高速率: 6.94 M/s, 平均速率: 1.00 M/s, bitrate: 6328 kbps, content verified: 0, 最高分辨率: 1920x1080, 平均帧率: 40.00, 视频编解码器: h264, 音频编解码器: aac
分类: 📡卫视频道, 名称: 陕西卫视, 有效: 0, IPv4: 33, IPv6: 0, 最小延迟: 322 ms, 最高速率: 1.39 M/s, 平均速率: 0.00 M/s, bitrate: 0 kbps, content verified: 0, 最高分辨率: 1920x1080, 平均帧率: 35.00, 视频编解码器: h264, 音频编解码器: mp2
分类: 📡卫视频道, 名称: 甘肃卫视, 有效: 2, IPv4: 21, IPv6: 0, 最小延迟: 327 ms, 最高速率: 0.97 M/s, 平均速率: 0.94 M/s, bitrate: 1893 kbps, content verified: 0, 最高分辨率: 1920x1080, 平均帧率: 42.86, 视频编解码器: h264, 音频编解码器: mp2
分类: 📡卫视频道, 名称: 青海卫视, 有效: 1, IPv4: 35, IPv6: 0, 最小延迟: 323 ms, 最高速率: 2.57 M/s, 平均速率: 2.57 M/s, bitrate: 2224 kbps, content verified: 0, 最高分辨率: 1920x1080, 平均帧率: 41.43, 视频编解码器: h264, 音频编解码器: mp2
分类: 📡卫视频道, 名称: 宁夏卫视, 有效: 0, IPv4: 37, IPv6: 0, 最小延迟: 321 ms, 最高速率: 0.65 M/s, 平均速率: 0.00 M/s, bitrate: 0 kbps, content verified: 0, 最高分辨率: 1920x1080, 平均帧率: 29.29, 视频编解码器: h264, 音频编解码器: aac
分类: 📡卫视频道, 名称: 新疆卫视, 有效: 2, IPv4: 27, IPv6: 0, 最小延迟: 323 ms, 最高速率: 1.33 M/s, 平均速率: 1.18 M/s, bitrate: 8367 kbps, content verified: 0, 最高分辨率: 1920x1080, 平均帧率: 33.33, 视频编解码器: h264, 音频编解码器: aac
分类: 📡卫视频道, 名称: 深圳卫视, 有效: 0, IPv4: 43, IPv6: 0, 最小延迟: 327 ms, 最高速率: 0.69 M/s, 平均速率: 0.00 M/s, bitrate: 0 kbps, content verified: 0, 最高分辨率: 1920x1080, 平均帧率: 35.50, 视频编解码器: h264, 音频编解码器: aac
